HAPROXY CRIT: osbs-backend BACKEND (act) DOWN	sess=0/500(0%) smax=0
autocloud-backend BACKEND (act) UP	sess=0/500(0%) smax=9
autocloud-backend autocloud-web01 (act) UP	sess=0/-1(0%) smax=5
autocloud-backend autocloud-web02 (act) UP	sess=0/-1(0%) smax=5
autocloud-frontend FRONTEND (act) OPEN	sess=0/5000(0%) smax=9
badges-backend BACKEND (act) UP	sess=0/500(0%) smax=38
badges-backend badges-web01 (act) UP	sess=0/-1(0%) smax=37
badges-backend badges-web02 (act) UP	sess=0/-1(0%) smax=26
badges-frontend FRONTEND (act) OPEN	sess=0/5000(0%) smax=38
blockerbugs-backend BACKEND (act) UP	sess=0/500(0%) smax=12
blockerbugs-backend blockerbugs01 (act) UP	sess=0/-1(0%) smax=6
blockerbugs-backend blockerbugs02 (act) UP	sess=0/-1(0%) smax=6
blockerbugs-frontend FRONTEND (act) OPEN	sess=0/5000(0%) smax=12
datagrepper-backend BACKEND (act) UP	sess=0/500(0%) smax=36
datagrepper-backend datagrepper01 (act) UP	sess=0/-1(0%) smax=19
datagrepper-backend datagrepper02 (act) UP	sess=0/-1(0%) smax=17
datagrepper-frontend FRONTEND (act) OPEN	sess=0/5000(0%) smax=36
fas-backend BACKEND (act) UP	sess=0/500(0%) smax=37
fas-backend fas01 (act) UP	sess=0/-1(0%) smax=17
fas-backend fas02 (act) UP	sess=0/-1(0%) smax=11
fas-backend fas03 (act) UP	sess=0/-1(0%) smax=13
fas-frontend FRONTEND (act) OPEN	sess=0/5000(0%) smax=37
fedmsg-raw-zmq-inbound-backend BACKEND (act) UP	sess=0/500(0%) smax=0
fedmsg-raw-zmq-inbound-frontend FRONTEND (act) OPEN	sess=0/5000(0%) smax=0
fedmsg-raw-zmq-outbound-backend BACKEND (act) UP	sess=14/500(2%) smax=31
fedmsg-raw-zmq-outbound-frontend FRONTEND (act) OPEN	sess=14/5000(0%) smax=31
fedmsg-websockets-backend BACKEND (act) UP	sess=0/500(0%) smax=16
fedmsg-websockets-frontend FRONTEND (act) OPEN	sess=0/5000(0%) smax=16
fedocal-backend BACKEND (act) UP	sess=0/500(0%) smax=8
fedocal-backend fedocal01 (act) UP	sess=0/-1(0%) smax=4
fedocal-backend fedocal02 (act) UP	sess=0/-1(0%) smax=4
fedocal-frontend FRONTEND (act) OPEN	sess=0/5000(0%) smax=8
fp-wiki-backend BACKEND (act) UP	sess=0/500(0%) smax=97
fp-wiki-backend wiki01 (act) UP	sess=0/-1(0%) smax=48
fp-wiki-backend wiki02 (act) UP	sess=0/-1(0%) smax=49
fp-wiki-frontend FRONTEND (act) OPEN	sess=0/5000(0%) smax=97
freemedia-backend BACKEND (act) UP	sess=0/500(0%) smax=1
freemedia-backend sundries01 (act) UP	sess=0/-1(0%) smax=1
freemedia-backend sundries02 (act) UP	sess=0/-1(0%) smax=0
freemedia-frontend FRONTEND (act) OPEN	sess=0/5000(0%) smax=1
freshmaker-backend BACKEND (act) UP	sess=0/500(0%) smax=0
freshmaker-backend freshmaker-frontend01 (act) UP	sess=0/-1(0%) smax=0
freshmaker-frontend FRONTEND (act) OPEN	sess=0/5000(0%) smax=0
geoip-city-backend BACKEND (act) UP	sess=0/500(0%) smax=4
geoip-city-backend sundries01 (act) UP	sess=0/-1(0%) smax=3
geoip-city-backend sundries02 (act) UP	sess=0/-1(0%) smax=2
geoip-city-frontend FRONTEND (act) OPEN	sess=0/5000(0%) smax=4
github2fedmsg-backend BACKEND (act) UP	sess=0/500(0%) smax=4
github2fedmsg-backend github2fedmsg01 (act) UP	sess=0/-1(0%) smax=4
github2fedmsg-frontend FRONTEND (act) OPEN	sess=0/5000(0%) smax=4
hubs-backend BACKEND (act) UP	sess=0/500(0%) smax=0
hubs-frontend FRONTEND (act) OPEN	sess=0/5000(0%) smax=0
ipa-backend BACKEND (act) UP	sess=0/500(0%) smax=2
ipa-backend ipa01 (act) UP	sess=0/-1(0%) smax=2
ipa-backend ipa02 (bck) UP	sess=0/-1(0%) smax=0
ipa-frontend FRONTEND (act) OPEN	sess=0/5000(0%) smax=2
ipa01-backend BACKEND (act) UP	sess=0/500(0%) smax=0
ipa01-backend ipa01 (act) UP	sess=0/-1(0%) smax=0
ipa01-frontend FRONTEND (act) OPEN	sess=0/5000(0%) smax=0
ipsilon-backend BACKEND (act) UP	sess=0/500(0%) smax=5
ipsilon-backend ipsilon01 (act) UP	sess=0/-1(0%) smax=2
ipsilon-backend ipsilon02 (act) UP	sess=0/-1(0%) smax=3
ipsilon-frontend FRONTEND (act) OPEN	sess=0/5000(0%) smax=5
kerneltest-backend BACKEND (act) UP	sess=0/500(0%) smax=6
kerneltest-backend kerneltest01 (act) UP	sess=0/-1(0%) smax=6
kerneltest-frontend FRONTEND (act) OPEN	sess=0/5000(0%) smax=6
koschei-backend BACKEND (act) UP	sess=0/500(0%) smax=7
koschei-backend koschei-web01 (act) UP	sess=0/-1(0%) smax=3
koschei-backend koschei-web02 (act) UP	sess=0/-1(0%) smax=4
koschei-frontend FRONTEND (act) OPEN	sess=0/5000(0%) smax=7
krb5-backend BACKEND (act) UP	sess=0/500(0%) smax=0
krb5-frontend FRONTEND (act) OPEN	sess=0/5000(0%) smax=0
mbs-backend BACKEND (act) UP	sess=0/500(0%) smax=2
mbs-backend mbs-frontend01 (act) UP	sess=0/-1(0%) smax=2
mbs-backend mbs-frontend02 (act) UP	sess=0/-1(0%) smax=1
mbs-frontend FRONTEND (act) OPEN	sess=0/5000(0%) smax=2
mdapi-backend BACKEND (act) UP	sess=0/500(0%) smax=243
mdapi-backend mdapi01 (act) UP	sess=0/-1(0%) smax=243
mdapi-frontend FRONTEND (act) OPEN	sess=0/5000(0%) smax=243
mirror-lists-backend BACKEND (act) UP	sess=0/500(0%) smax=413
mirror-lists-backend mirrorlist-local1 (act) UP	sess=0/-1(0%) smax=316
mirror-lists-backend mirrorlist-local2 (act) UP	sess=0/-1(0%) smax=318
mirror-lists-frontend FRONTEND (act) OPEN	sess=0/5000(0%) smax=413
mirrormanager-backend BACKEND (act) UP	sess=0/500(0%) smax=3
mirrormanager-backend mm-frontend01 (act) UP	sess=0/-1(0%) smax=2
mirrormanager-backend mm-frontend02 (act) UP	sess=0/-1(0%) smax=2
mirrormanager-frontend FRONTEND (act) OPEN	sess=0/5000(0%) smax=3
modernpaste-backend BACKEND (act) UP	sess=0/500(0%) smax=15
modernpaste-backend modernpaste01 (act) UP	sess=0/-1(0%) smax=8
modernpaste-backend modernpaste02 (act) UP	sess=0/-1(0%) smax=8
modernpaste-frontend FRONTEND (act) OPEN	sess=0/5000(0%) smax=15
notifs-web-backend BACKEND (act) UP	sess=0/500(0%) smax=8
notifs-web-backend notifs-web01 (act) UP	sess=0/-1(0%) smax=4
notifs-web-backend notifs-web02 (act) UP	sess=0/-1(0%) smax=4
notifs-web-frontend FRONTEND (act) OPEN	sess=0/5000(0%) smax=8
nuancier-backend BACKEND (act) UP	sess=0/500(0%) smax=40
nuancier-backend nuancier01 (act) UP	sess=0/-1(0%) smax=38
nuancier-backend nuancier02 (act) UP	sess=0/-1(0%) smax=24
nuancier-frontend FRONTEND (act) OPEN	sess=0/5000(0%) smax=40
oci-candidate-registry-backend BACKEND (act) UP	sess=0/500(0%) smax=1
oci-candidate-registry-backend oci-candidate-registry01 (act) UP	sess=0/-1(0%) smax=1
oci-candidate-registry-frontend FRONTEND (act) OPEN	sess=0/5000(0%) smax=1
oci-registry-backend BACKEND (act) UP	sess=0/500(0%) smax=17
oci-registry-backend oci-registry01 (act) UP	sess=0/-1(0%) smax=9
oci-registry-backend oci-registry02 (act) UP	sess=0/-1(0%) smax=8
oci-registry-frontend FRONTEND (act) OPEN	sess=0/5000(0%) smax=17
odcs-backend BACKEND (act) UP	sess=0/500(0%) smax=3
odcs-backend odcs-frontend01 (act) UP	sess=0/-1(0%) smax=3
odcs-frontend FRONTEND (act) OPEN	sess=0/5000(0%) smax=3
openqa-backend BACKEND (act) UP	sess=0/500(0%) smax=0
openqa-backend openqa01 (act) UP	sess=0/-1(0%) smax=0
openqa-frontend FRONTEND (act) OPEN	sess=0/5000(0%) smax=0
osbs-backend BACKEND (act) DOWN	sess=0/500(0%) smax=0
osbs-backend osbs-master01 (act) DOWN	sess=0/-1(0%) smax=0
osbs-frontend FRONTEND (act) OPEN	sess=0/5000(0%) smax=0
packages-backend BACKEND (act) UP	sess=0/500(0%) smax=22
packages-backend packages03 (act) UP	sess=0/-1(0%) smax=11
packages-backend packages04 (act) UP	sess=0/-1(0%) smax=11
packages-frontend FRONTEND (act) OPEN	sess=0/5000(0%) smax=22
pdc-backend BACKEND (act) UP	sess=0/500(0%) smax=7
pdc-backend pdc-web01 (act) UP	sess=0/-1(0%) smax=7
pdc-backend pdc-web02 (act) UP	sess=0/-1(0%) smax=7
pdc-frontend FRONTEND (act) OPEN	sess=0/5000(0%) smax=7
stats-backend BACKEND (act) UP	sess=1/500(0%) smax=5
stats-frontend FRONTEND (act) OPEN	sess=1/5000(0%) smax=8
totpcgiprovision-backend BACKEND (act) UP	sess=0/500(0%) smax=0
totpcgiprovision-backend fas01 (act) UP	sess=0/-1(0%) smax=0
totpcgiprovision-backend fas02 (act) UP	sess=0/-1(0%) smax=0
totpcgiprovision-backend fas03 (act) UP	sess=0/-1(0%) smax=0
totpcgiprovision-frontend FRONTEND (act) OPEN	sess=0/5000(0%) smax=0
voting-backend BACKEND (act) UP	sess=0/500(0%) smax=4
voting-backend elections01 (act) UP	sess=0/-1(0%) smax=2
voting-backend elections02 (act) UP	sess=0/-1(0%) smax=2
voting-frontend FRONTEND (act) OPEN	sess=0/5000(0%) smax=4
zanata2fedmsg-backend BACKEND (act) UP	sess=0/500(0%) smax=0
zanata2fedmsg-backend zanata2fedmsg01 (act) UP	sess=0/-1(0%) smax=0
zanata2fedmsg-frontend FRONTEND (act) OPEN	sess=0/5000(0%) smax=0
