HAPROXY CRIT: ubuntuusers-tt BACKEND (act) DOWN	sess=0/820(0%) smax=1
http-in FRONTEND (act) OPEN	sess=1/4096(0%) smax=109
http-in ipv4 (act) OPEN	sess=1/4096(0%) smax=109
http-in ipv6 (act) OPEN	sess=0/4096(0%) smax=28
https-in FRONTEND (act) OPEN	sess=2/4096(0%) smax=85
https-in ipv4 (act) OPEN	sess=2/4096(0%) smax=85
https-in ipv6 (act) OPEN	sess=0/4096(0%) smax=23
jenkins BACKEND (act) UP	sess=0/820(0%) smax=10
jenkins webteam (act) UP	sess=0/128(0%) smax=10
kubuntu-de BACKEND (act) UP	sess=0/410(0%) smax=102
kubuntu-de kubuntude (act) UP	sess=0/256(0%) smax=102
mailman BACKEND (act) UP	sess=0/820(0%) smax=3
mailman mailman (act) UP	sess=0/256(0%) smax=3
sentry BACKEND (act) UP	sess=0/820(0%) smax=9
sentry sentry (act) UP	sess=0/128(0%) smax=9
ubuconde BACKEND (act) UP	sess=0/820(0%) smax=8
ubuconde verein (act) UP	sess=0/256(0%) smax=8
ubuconeu BACKEND (act) UP	sess=0/820(0%) smax=1
ubuconeu verein (act) UP	sess=0/256(0%) smax=0
ubuntu-berlin BACKEND (act) UP	sess=0/820(0%) smax=8
ubuntu-berlin berlin (act) UP	sess=0/256(0%) smax=8
ubuntu-de BACKEND (act) UP	sess=0/820(0%) smax=4
ubuntu-de verein (act) UP	sess=0/256(0%) smax=4
ubuntuir BACKEND (act) UP	sess=0/820(0%) smax=32
ubuntuir ubuntuir (act) UP	sess=0/256(0%) smax=31
ubuntuusers-legacy BACKEND (act) UP	sess=0/820(0%) smax=0
ubuntuusers-legacy kanu (act) DOWN	sess=0/512(0%) smax=0
ubuntuusers-legacy she (act) UP	sess=0/512(0%) smax=0
ubuntuusers-media BACKEND (act) UP	sess=0/820(0%) smax=0
ubuntuusers-media kanu (act) DOWN	sess=0/512(0%) smax=0
ubuntuusers-media she (act) UP	sess=0/512(0%) smax=0
ubuntuusers-oss BACKEND (act) UP	sess=0/820(0%) smax=2
ubuntuusers-oss webteam (act) UP	sess=0/128(0%) smax=2
ubuntuusers-python BACKEND (act) UP	sess=0/820(0%) smax=2
ubuntuusers-python ruwa (act) UP	sess=0/256(0%) smax=0
ubuntuusers-python tali (act) UP	sess=0/256(0%) smax=0
ubuntuusers-staging BACKEND (act) UP	sess=0/820(0%) smax=8
ubuntuusers-staging webteam (act) UP	sess=0/128(0%) smax=8
ubuntuusers-static BACKEND (act) UP	sess=0/820(0%) smax=2
ubuntuusers-static kanu (act) DOWN	sess=0/512(0%) smax=0
ubuntuusers-static she (act) UP	sess=0/512(0%) smax=0
ubuntuusers-staticwiki BACKEND (act) UP	sess=0/820(0%) smax=6
ubuntuusers-staticwiki verein (act) UP	sess=0/256(0%) smax=6
ubuntuusers-testing BACKEND (act) UP	sess=0/820(0%) smax=2
ubuntuusers-testing webteam (act) UP	sess=0/128(0%) smax=2
ubuntuusers-tour BACKEND (act) UP	sess=0/820(0%) smax=0
ubuntuusers-tour kanu (act) DOWN	sess=0/512(0%) smax=0
ubuntuusers-tour she (act) UP	sess=0/512(0%) smax=0
ubuntuusers-tt BACKEND (act) DOWN	sess=0/820(0%) smax=1
ubuntuusers-tt srv10 (act) DOWN	sess=0/512(0%) smax=0
verein-ubuntu-de BACKEND (act) UP	sess=0/820(0%) smax=5
verein-ubuntu-de verein (act) UP	sess=0/256(0%) smax=5
znc BACKEND (act) UP	sess=0/820(0%) smax=0
znc f01 (act) UP	sess=0/128(0%) smax=0
